\BOOKMARK [1][-]{section.1}{\376\377\006\105\006\057\006\104\000\040\006\061\006\314\006\047\006\066\006\314\000\040\006\063\006\314\006\063\006\052\006\105}{}% 1
\BOOKMARK [2][-]{subsection.1.1}{\376\377\006\106\006\257\006\047\006\107\000\040\006\251\006\104\006\314\000\040\006\050\006\107\000\040\006\063\006\314\006\063\006\052\006\105\000\040\006\110\000\040\006\105\006\052\006\072\006\314\006\061\006\107\006\047\006\314\000\040\006\055\006\047\006\104\006\052}{section.1}% 2
\BOOKMARK [2][-]{subsection.1.2}{\376\377\006\176\006\047\006\061\006\047\006\105\006\052\006\061\006\107\006\047\006\314\000\040\006\101\006\314\006\062\006\314\006\251\006\314}{section.1}% 3
\BOOKMARK [3][-]{subsubsection.1.2.1}{\376\377\006\176\006\047\006\061\006\047\006\105\006\052\006\061\006\107\006\047\006\314\000\040\006\176\006\047\006\106\006\057\006\110\006\104}{subsection.1.2}% 4
\BOOKMARK [3][-]{subsubsection.1.2.2}{\376\377\006\176\006\047\006\061\006\047\006\105\006\052\006\061\006\107\006\047\006\314\000\040\006\206\006\061\006\056\000\040\006\110\006\047\006\251\006\106\006\064\006\314}{subsection.1.2}% 5
\BOOKMARK [3][-]{subsubsection.1.2.3}{\376\377\006\176\006\047\006\061\006\047\006\105\006\052\006\061\006\107\006\047\006\314\000\040\006\105\006\110\006\052\006\110\006\061\000\040\006\110\000\040\006\054\006\071\006\050\006\107\040\014\006\057\006\106\006\057\006\107}{subsection.1.2}% 6
\BOOKMARK [3][-]{subsubsection.1.2.4}{\376\377\006\176\006\047\006\061\006\047\006\105\006\052\006\061\006\107\006\047\006\314\000\040\006\105\006\055\006\314\006\067\006\314\000\040\006\110\000\040\006\071\006\057\006\057\006\314}{subsection.1.2}% 7
\BOOKMARK [2][-]{subsection.1.3}{\376\377\006\251\006\105\006\314\006\052\040\014\006\107\006\047\006\314\000\040\006\105\006\064\006\052\006\102\040\014\006\064\006\057\006\107}{section.1}% 8
\BOOKMARK [3][-]{subsubsection.1.3.1}{\376\377\006\047\006\314\006\106\006\061\006\063\006\314\000\040\006\105\006\044\006\053\006\061\000\040\006\063\006\105\006\052\000\040\006\206\006\061\006\056}{subsection.1.3}% 9
\BOOKMARK [3][-]{subsubsection.1.3.2}{\376\377\006\105\006\314\006\061\006\047\006\314\006\314\000\040\006\105\006\044\006\053\006\061\000\040\006\063\006\105\006\052\000\040\006\206\006\061\006\056}{subsection.1.3}% 10
\BOOKMARK [3][-]{subsubsection.1.3.3}{\376\377\006\105\006\047\006\052\006\061\006\314\006\063\000\040\006\047\006\314\006\106\006\061\006\063\006\314\000\040\006\251\006\110\006\176\006\104}{subsection.1.3}% 11
\BOOKMARK [3][-]{subsubsection.1.3.4}{\376\377\006\066\006\061\006\314\006\050\000\040\006\257\006\061\006\047\006\106\006\064\006\314}{subsection.1.3}% 12
\BOOKMARK [2][-]{subsection.1.4}{\376\377\006\105\006\071\006\047\006\057\006\104\006\047\006\052\000\040\006\055\006\061\006\251\006\052}{section.1}% 13
\BOOKMARK [3][-]{subsubsection.1.4.1}{\376\377\006\057\006\314\006\106\006\047\006\105\006\314\006\251\000\040\006\105\006\251\006\047\006\106\006\314\006\251\006\314\000\040\000\050\006\063\006\314\006\063\006\052\006\105\000\040\006\251\006\110\006\176\006\104\000\040\0002\000\040\0002\000\051}{subsection.1.4}% 14
\BOOKMARK [3][-]{subsubsection.1.4.2}{\376\377\006\057\006\314\006\106\006\047\006\105\006\314\006\251\000\040\006\047\006\104\006\251\006\052\006\061\006\314\006\251\006\314\000\040\000\050\006\105\006\057\006\047\006\061\000\040\006\042\006\061\006\105\006\314\006\206\006\061\000\051}{subsection.1.4}% 15
\BOOKMARK [3][-]{subsubsection.1.4.3}{\376\377\006\101\006\061\006\105\000\040\006\251\006\047\006\105\006\104\000\040\006\101\006\066\006\047\006\314\000\040\006\055\006\047\006\104\006\052}{subsection.1.4}% 16
\BOOKMARK [2][-]{subsection.1.5}{\376\377\006\047\006\106\006\052\006\257\006\061\006\047\006\104\040\014\006\257\006\314\006\061\006\314\000\040\006\071\006\057\006\057\006\314\000\040\040\024\000\040\006\061\006\110\006\064\000\040\006\061\006\110\006\106\006\257\006\107\040\014\006\251\006\110\006\052\006\047\006\314\000\040\006\105\006\061\006\052\006\050\006\107\000\040\006\176\006\106\006\054\006\105}{section.1}% 17
\BOOKMARK [3][-]{subsubsection.1.5.1}{\376\377\006\054\006\057\006\110\006\104\000\040\006\050\006\110\006\052\006\206\006\061}{subsection.1.5}% 18
\BOOKMARK [3][-]{subsubsection.1.5.2}{\376\377\006\047\006\104\006\257\006\110\006\061\006\314\006\052\006\105\000\040\006\257\006\047\006\105}{subsection.1.5}% 19
\BOOKMARK [3][-]{subsubsection.1.5.3}{\376\377\006\106\006\251\006\047\006\052\000\040\006\176\006\314\006\047\006\057\006\107\040\014\006\063\006\047\006\062\006\314}{subsection.1.5}% 20
\BOOKMARK [2][-]{subsection.1.6}{\376\377\006\105\006\055\006\047\006\063\006\050\006\047\006\052\000\040\006\047\006\106\006\061\006\230\006\314}{section.1}% 21
\BOOKMARK [3][-]{subsubsection.1.6.1}{\376\377\006\047\006\106\006\061\006\230\006\314\000\040\006\054\006\106\006\050\006\064\006\314}{subsection.1.6}% 22
\BOOKMARK [3][-]{subsubsection.1.6.2}{\376\377\006\047\006\106\006\061\006\230\006\314\000\040\006\176\006\052\006\047\006\106\006\063\006\314\006\104}{subsection.1.6}% 23
\BOOKMARK [3][-]{subsubsection.1.6.3}{\376\377\006\047\006\106\006\061\006\230\006\314\000\040\006\105\006\251\006\047\006\106\006\314\006\251\006\314\000\040\006\251\006\104}{subsection.1.6}% 24
\BOOKMARK [3][-]{subsubsection.1.6.4}{\376\377\006\052\006\251\006\047\006\106\006\107\000\040\006\062\006\047\006\110\006\314\006\107\040\014\006\047\006\314}{subsection.1.6}% 25
\BOOKMARK [2][-]{subsection.1.7}{\376\377\006\251\006\106\006\052\006\061\006\104\006\061\006\107\006\047}{section.1}% 26
\BOOKMARK [2][-]{subsection.1.8}{\376\377\006\105\006\057\006\104\000\040\006\047\006\072\006\052\006\064\006\047\006\064}{section.1}% 27
\BOOKMARK [2][-]{subsection.1.9}{\376\377\006\056\006\061\006\110\006\054\006\314\040\014\006\107\006\047\006\314\000\040\006\052\006\104\006\107\040\014\006\105\006\052\006\061\006\314}{section.1}% 28
\BOOKMARK [2][-]{subsection.1.10}{\376\377\006\105\006\055\006\057\006\110\006\057\006\063\006\047\006\062\006\314\000\040\006\062\006\047\006\110\006\314\006\107}{section.1}% 29
\BOOKMARK [2][-]{subsection.1.11}{\376\377\006\054\006\105\006\071\040\014\006\050\006\106\006\057\006\314}{section.1}% 30
\BOOKMARK [1][-]{section.2}{\376\377\006\061\006\110\006\064\040\014\006\107\006\047\006\314\000\040\006\251\006\106\006\052\006\061\006\104}{}% 31
\BOOKMARK [2][-]{subsection.2.1}{\376\377\006\050\006\057\006\110\006\106\000\040\006\251\006\106\006\052\006\061\006\104}{section.2}% 32
\BOOKMARK [2][-]{subsection.2.2}{\376\377\006\251\006\106\006\052\006\061\006\104\000\040\006\057\006\063\006\052\006\314}{section.2}% 33
\BOOKMARK [2][-]{subsection.2.3}{\376\377\006\251\006\106\006\052\006\061\006\104\006\061\000\040\000P\000I\000D}{section.2}% 34
\BOOKMARK [3][-]{subsubsection.2.3.1}{\376\377\006\102\006\047\006\106\006\110\006\106\000\040\006\251\006\106\006\052\006\061\006\104}{subsection.2.3}% 35
\BOOKMARK [3][-]{subsubsection.2.3.2}{\376\377\006\054\006\104\006\110\006\257\006\314\006\061\006\314\000\040\006\047\006\062\000\040\006\047\006\064\006\050\006\047\006\071\000\040\006\047\006\106\006\052\006\257\006\061\006\047\006\104}{subsection.2.3}% 36
\BOOKMARK [3][-]{subsubsection.2.3.3}{\376\377\006\056\006\061\006\110\006\054\006\314\000\040\006\106\006\107\006\047\006\314\006\314}{subsection.2.3}% 37
\BOOKMARK [2][-]{subsection.2.4}{\376\377\006\251\006\106\006\052\006\061\006\104\006\061\000\040\000L\000Q\000R}{section.2}% 38
\BOOKMARK [3][-]{subsubsection.2.4.1}{\376\377\006\056\006\067\006\314\040\014\006\063\006\047\006\062\006\314}{subsection.2.4}% 39
\BOOKMARK [3][-]{subsubsection.2.4.2}{\376\377\006\105\006\047\006\052\006\061\006\314\006\063\040\014\006\107\006\047\006\314\000\040\006\063\006\314\006\063\006\052\006\105}{subsection.2.4}% 40
\BOOKMARK [3][-]{subsubsection.2.4.3}{\376\377\006\105\006\063\006\046\006\104\006\107\000\040\006\050\006\107\006\314\006\106\006\107\040\014\006\063\006\047\006\062\006\314}{subsection.2.4}% 41
\BOOKMARK [3][-]{subsubsection.2.4.4}{\376\377\006\105\006\071\006\047\006\057\006\104\006\107\000\040\006\061\006\314\006\251\006\047\006\052\006\314\000\040\006\110\000\040\006\050\006\107\006\061\006\107\000\040\006\050\006\107\006\314\006\106\006\107}{subsection.2.4}% 42
\BOOKMARK [3][-]{subsubsection.2.4.5}{\376\377\006\102\006\047\006\106\006\110\006\106\000\040\006\251\006\106\006\052\006\061\006\104}{subsection.2.4}% 43
\BOOKMARK [3][-]{subsubsection.2.4.6}{\376\377\006\105\006\055\006\047\006\063\006\050\006\107\000\040\006\105\006\054\006\057\006\057\000\040\006\050\006\107\006\061\006\107\000\040\006\110\000\040\006\055\006\047\006\104\006\052\000\040\006\054\006\047\006\314\006\257\006\062\006\314\006\106}{subsection.2.4}% 44
\BOOKMARK [2][-]{subsection.2.5}{\376\377\006\251\006\106\006\052\006\061\006\104\006\061\000\040\006\105\006\057\000\040\006\104\006\072\006\062\006\064\006\314}{section.2}% 45
\BOOKMARK [3][-]{subsubsection.2.5.1}{\376\377\006\063\006\067\006\055\000\040\006\104\006\072\006\062\006\064\006\314}{subsection.2.5}% 46
\BOOKMARK [3][-]{subsubsection.2.5.2}{\376\377\006\052\006\047\006\050\006\071\000\040\006\047\006\064\006\050\006\047\006\071\000\040\006\104\006\047\006\314\006\107\000\040\006\105\006\061\006\062\006\314}{subsection.2.5}% 47
\BOOKMARK [3][-]{subsubsection.2.5.3}{\376\377\006\102\006\047\006\106\006\110\006\106\000\040\006\251\006\106\006\052\006\061\006\104}{subsection.2.5}% 48
\BOOKMARK [3][-]{subsubsection.2.5.4}{\376\377\006\052\006\055\006\104\006\314\006\104\000\040\006\176\006\047\006\314\006\057\006\047\006\061\006\314}{subsection.2.5}% 49
\BOOKMARK [2][-]{subsection.2.6}{\376\377\006\105\006\102\006\047\006\314\006\063\006\107\000\040\006\061\006\110\006\064\040\014\006\107\006\047}{section.2}% 50
\BOOKMARK [1][-]{section.3}{\376\377\006\047\006\104\006\257\006\110\006\061\006\314\006\052\006\105\040\014\006\107\006\047\006\314\000\040\006\050\006\047\006\104\006\047\006\042\006\110\006\061\006\057\006\106}{}% 51
\BOOKMARK [2][-]{subsection.3.1}{\376\377\006\105\006\057\006\104\000\040\006\063\006\314\006\063\006\052\006\105\000\040\006\110\000\040\006\105\006\061\006\054\006\071\000\040\006\047\006\106\006\061\006\230\006\314}{section.3}% 52
\BOOKMARK [2][-]{subsection.3.2}{\376\377\006\050\006\047\006\104\006\047\006\042\006\110\006\061\006\057\006\106\000\040\006\105\006\050\006\052\006\106\006\314\000\040\006\050\006\061\000\040\006\047\006\106\006\061\006\230\006\314\000\040\000\050\006\061\006\110\006\064\000\040\006\042\006\063\006\052\006\061\006\110\006\105\040\023\006\101\006\110\006\061\006\110\006\052\006\110\000\051}{section.3}% 53
\BOOKMARK [3][-]{subsubsection.3.2.1}{\376\377\006\064\006\107\006\110\006\057\000\040\006\101\006\314\006\062\006\314\006\251\006\314}{subsection.3.2}% 54
\BOOKMARK [3][-]{subsubsection.3.2.2}{\376\377\006\102\006\047\006\106\006\110\006\106\000\040\006\251\006\106\006\052\006\061\006\104}{subsection.3.2}% 55
\BOOKMARK [3][-]{subsubsection.3.2.3}{\376\377\006\105\006\314\006\061\006\047\006\314\006\314\000\040\006\047\006\106\006\061\006\230\006\314\000\040\006\047\006\066\006\047\006\101\006\314}{subsection.3.2}% 56
\BOOKMARK [3][-]{subsubsection.3.2.4}{\376\377\006\052\006\055\006\061\006\314\006\251\000\040\006\101\006\047\006\062\006\111}{subsection.3.2}% 57
\BOOKMARK [3][-]{subsubsection.3.2.5}{\376\377\006\251\006\047\006\107\006\064\000\040\006\052\006\057\006\061\006\314\006\054\006\314\000\040\006\063\006\061\006\071\006\052\000\040\006\206\006\061\006\056}{subsection.3.2}% 58
\BOOKMARK [2][-]{subsection.3.3}{\376\377\006\050\006\047\006\104\006\047\006\042\006\110\006\061\006\057\006\106\000\040\006\050\006\047\000\040\006\056\006\067\006\314\040\014\006\063\006\047\006\062\006\314\000\040\006\050\006\047\006\062\006\056\006\110\006\061\006\057\000\040\006\054\006\062\006\046\006\314}{section.3}% 59
\BOOKMARK [3][-]{subsubsection.3.3.1}{\376\377\006\064\006\107\006\110\006\057\000\040\006\101\006\314\006\062\006\314\006\251\006\314}{subsection.3.3}% 60
\BOOKMARK [3][-]{subsubsection.3.3.2}{\376\377\006\064\006\052\006\047\006\050\000\040\006\105\006\067\006\104\006\110\006\050\000\040\006\176\006\047\006\106\006\057\006\110\006\104}{subsection.3.3}% 61
\BOOKMARK [3][-]{subsubsection.3.3.3}{\376\377\006\105\006\071\006\251\006\110\006\063\040\014\006\063\006\047\006\062\006\314\000\040\006\057\006\314\006\106\006\047\006\105\006\314\006\251}{subsection.3.3}% 62
\BOOKMARK [3][-]{subsubsection.3.3.4}{\376\377\006\106\006\257\006\047\006\064\006\052\000\040\006\257\006\064\006\052\006\047\006\110\006\061\000\040\006\110\000\040\006\110\006\104\006\052\006\047\006\230}{subsection.3.3}% 63
\BOOKMARK [3][-]{subsubsection.3.3.5}{\376\377\006\047\006\064\006\050\006\047\006\071\000\040\006\042\006\257\006\047\006\107\000\040\006\047\006\062\000\040\006\047\006\106\006\061\006\230\006\314}{subsection.3.3}% 64
\BOOKMARK [2][-]{subsection.3.4}{\376\377\006\050\006\047\006\104\006\047\006\042\006\110\006\061\006\057\006\106\000\040\006\066\006\061\006\050\006\107\040\014\006\047\006\314\000\040\006\057\006\061\000\040\006\063\006\061\006\071\006\052\000\040\006\065\006\101\006\061}{section.3}% 65
\BOOKMARK [3][-]{subsubsection.3.4.1}{\376\377\006\064\006\107\006\110\006\057\000\040\006\101\006\314\006\062\006\314\006\251\006\314}{subsection.3.4}% 66
\BOOKMARK [3][-]{subsubsection.3.4.2}{\376\377\006\052\006\064\006\056\006\314\006\065\000\040\006\071\006\050\006\110\006\061\000\040\006\047\006\062\000\040\006\065\006\101\006\061}{subsection.3.4}% 67
\BOOKMARK [3][-]{subsubsection.3.4.3}{\376\377\006\102\006\047\006\106\006\110\006\106\000\040\006\066\006\061\006\050\006\107}{subsection.3.4}% 68
\BOOKMARK [3][-]{subsubsection.3.4.4}{\376\377\006\102\006\067\006\071\000\040\006\047\006\314\006\105\006\106\006\314}{subsection.3.4}% 69
\BOOKMARK [2][-]{subsection.3.5}{\376\377\006\047\006\106\006\052\006\102\006\047\006\104\000\040\006\050\006\107\000\040\006\251\006\106\006\052\006\061\006\104\000\040\006\052\006\071\006\047\006\057\006\104\006\314}{section.3}% 70
\BOOKMARK [2][-]{subsection.3.6}{\376\377\006\102\006\314\006\057\006\107\006\047\006\314\000\040\006\047\006\314\006\105\006\106\006\314\000\040\006\063\006\061\006\047\006\063\006\061\006\314}{section.3}% 71
\BOOKMARK [2][-]{subsection.3.7}{\376\377\006\056\006\104\006\047\006\065\006\107\000\040\006\176\006\047\006\061\006\047\006\105\006\052\006\061\006\107\006\047}{section.3}% 72
\BOOKMARK [2][-]{subsection.3.8}{\376\377\006\047\006\106\006\052\006\056\006\047\006\050\000\040\006\055\006\047\006\104\006\052}{section.3}% 73
\BOOKMARK [1][-]{section.4}{\376\377\006\061\006\047\006\107\006\106\006\105\006\047\006\314\000\040\006\052\006\106\006\070\006\314\006\105\000\040\006\050\006\107\006\061\006\107\040\014\006\107\006\047}{}% 74
\BOOKMARK [2][-]{subsection.4.1}{\376\377\006\057\006\314\006\106\006\047\006\105\006\314\006\251\000\040\006\063\006\047\006\105\006\047\006\106\006\107}{section.4}% 75
\BOOKMARK [3][-]{subsubsection.4.1.1}{\376\377\006\062\006\314\006\061\006\063\006\047\006\105\006\047\006\106\006\107\000\040\006\105\006\251\006\047\006\106\006\314\006\251\006\314}{subsection.4.1}% 76
\BOOKMARK [3][-]{subsubsection.4.1.2}{\376\377\006\062\006\314\006\061\006\063\006\047\006\105\006\047\006\106\006\107\000\040\006\047\006\104\006\251\006\052\006\061\006\314\006\251\006\314}{subsection.4.1}% 77
\BOOKMARK [3][-]{subsubsection.4.1.3}{\376\377\006\047\006\053\006\061\000\040\006\176\006\047\006\061\006\047\006\105\006\052\006\061\006\107\006\047\006\314\000\040\006\101\006\314\006\062\006\314\006\251\006\314\000\040\006\050\006\061\000\040\006\057\006\314\006\106\006\047\006\105\006\314\006\251}{subsection.4.1}% 78
\BOOKMARK [2][-]{subsection.4.2}{\376\377\006\251\006\106\006\052\006\061\006\104\006\061\000\040\000P\000I\000D\000\040\006\050\006\047\006\104\006\047\006\106\006\063}{section.4}% 79
\BOOKMARK [3][-]{subsubsection.4.2.1}{\376\377\006\102\006\047\006\106\006\110\006\106\000\040\006\251\006\106\006\052\006\061\006\104}{subsection.4.2}% 80
\BOOKMARK [3][-]{subsubsection.4.2.2}{\376\377\006\106\006\102\006\064\000\040\006\107\006\061\000\040\006\050\006\107\006\061\006\107}{subsection.4.2}% 81
\BOOKMARK [3][-]{subsubsection.4.2.3}{\376\377\006\105\006\251\006\047\006\106\006\314\006\062\006\105\000\040\006\066\006\057\000\040\006\050\006\047\006\057\000-\000u\000p}{subsection.4.2}% 82
\BOOKMARK [3][-]{subsubsection.4.2.4}{\376\377\006\061\006\110\006\314\006\107\000\040\006\052\006\106\006\070\006\314\006\105}{subsection.4.2}% 83
\BOOKMARK [2][-]{subsection.4.3}{\376\377\006\251\006\106\006\052\006\061\006\104\006\061\000\040\000L\000Q\000R\000\040\006\050\006\047\006\104\006\047\006\106\006\063}{section.4}% 84
\BOOKMARK [3][-]{subsubsection.4.3.1}{\376\377\006\056\006\067\006\314\040\014\006\063\006\047\006\062\006\314}{subsection.4.3}% 85
\BOOKMARK [3][-]{subsubsection.4.3.2}{\376\377\006\102\006\047\006\106\006\110\006\106\000\040\006\251\006\106\006\052\006\061\006\104\000\040\006\050\006\107\006\314\006\106\006\107}{subsection.4.3}% 86
\BOOKMARK [3][-]{subsubsection.4.3.3}{\376\377\006\052\006\101\006\063\006\314\006\061\000\040\006\105\006\047\006\052\006\061\006\314\006\063\000\040\006\110\006\062\006\106\040\014\006\057\006\107\006\314}{subsection.4.3}% 87
\BOOKMARK [3][-]{subsubsection.4.3.4}{\376\377\006\061\006\110\006\314\006\107\000\040\006\052\006\106\006\070\006\314\006\105}{subsection.4.3}% 88
\BOOKMARK [2][-]{subsection.4.4}{\376\377\006\251\006\106\006\052\006\061\006\104\006\061\000\040\006\050\006\047\006\104\006\047\006\042\006\110\006\061\006\057\006\106\000\040\006\105\006\050\006\052\006\106\006\314\000\040\006\050\006\061\000\040\006\047\006\106\006\061\006\230\006\314}{section.4}% 89
\BOOKMARK [3][-]{subsubsection.4.4.1}{\376\377\006\047\006\106\006\061\006\230\006\314\000\040\006\176\006\047\006\106\006\057\006\110\006\104}{subsection.4.4}% 90
\BOOKMARK [3][-]{subsubsection.4.4.2}{\376\377\006\102\006\047\006\106\006\110\006\106\000\040\006\176\006\105\006\176\006\047\006\230\000\040\006\047\006\106\006\061\006\230\006\314}{subsection.4.4}% 91
\BOOKMARK [3][-]{subsubsection.4.4.3}{\376\377\006\047\006\053\006\061\000\040\006\050\006\107\006\061\006\107\040\014\006\107\006\047}{subsection.4.4}% 92
\BOOKMARK [3][-]{subsubsection.4.4.4}{\376\377\006\105\006\251\006\047\006\106\006\314\006\062\006\105\040\014\006\107\006\047\006\314\000\040\006\047\006\314\006\105\006\106\006\314}{subsection.4.4}% 93
\BOOKMARK [3][-]{subsubsection.4.4.5}{\376\377\006\061\006\110\006\314\006\107\000\040\006\052\006\106\006\070\006\314\006\105}{subsection.4.4}% 94
\BOOKMARK [2][-]{subsection.4.5}{\376\377\006\050\006\047\006\104\006\047\006\042\006\110\006\061\006\057\006\106\000\040\006\050\006\047\000\040\006\056\006\067\006\314\040\014\006\063\006\047\006\062\006\314\000\040\006\050\006\047\006\062\006\056\006\110\006\061\006\057\000\040\006\054\006\062\006\046\006\314}{section.4}% 95
\BOOKMARK [3][-]{subsubsection.4.5.1}{\376\377\006\064\006\052\006\047\006\050\000\040\006\105\006\067\006\104\006\110\006\050}{subsection.4.5}% 96
\BOOKMARK [3][-]{subsubsection.4.5.2}{\376\377\006\056\006\067\006\314\040\014\006\063\006\047\006\062\006\314\000\040\006\050\006\047\006\062\006\056\006\110\006\061\006\057}{subsection.4.5}% 97
\BOOKMARK [3][-]{subsubsection.4.5.3}{\376\377\006\106\006\257\006\047\006\064\006\052\000\040\006\110\006\104\006\052\006\047\006\230\000\040\006\064\006\050\006\107\040\014\006\047\006\314\006\063\006\052\006\047}{subsection.4.5}% 98
\BOOKMARK [3][-]{subsubsection.4.5.4}{\376\377\006\047\006\053\006\061\000\040\006\050\006\107\006\061\006\107\040\014\006\107\006\047}{subsection.4.5}% 99
\BOOKMARK [3][-]{subsubsection.4.5.5}{\376\377\006\047\006\064\006\050\006\047\006\071\000\040\006\047\006\106\006\061\006\230\006\314\000-\006\042\006\257\006\047\006\107}{subsection.4.5}% 100
\BOOKMARK [3][-]{subsubsection.4.5.6}{\376\377\006\061\006\110\006\314\006\107\000\040\006\052\006\106\006\070\006\314\006\105}{subsection.4.5}% 101
\BOOKMARK [2][-]{subsection.4.6}{\376\377\006\050\006\047\006\104\006\047\006\042\006\110\006\061\006\057\006\106\000\040\006\050\006\047\000\040\006\066\006\061\006\050\006\107\000\040\006\057\006\061\000\040\006\063\006\061\006\071\006\052\000\040\006\065\006\101\006\061}{section.4}% 102
\BOOKMARK [3][-]{subsubsection.4.6.1}{\376\377\006\105\006\251\006\047\006\106\006\314\006\062\006\105\000\040\006\071\006\105\006\104\006\251\006\061\006\057}{subsection.4.6}% 103
\BOOKMARK [3][-]{subsubsection.4.6.2}{\376\377\006\176\006\047\006\061\006\047\006\105\006\052\006\061\006\107\006\047}{subsection.4.6}% 104
\BOOKMARK [3][-]{subsubsection.4.6.3}{\376\377\006\105\006\251\006\047\006\106\006\314\006\062\006\105\040\014\006\107\006\047\006\314\000\040\006\047\006\314\006\105\006\106\006\314}{subsection.4.6}% 105
\BOOKMARK [3][-]{subsubsection.4.6.4}{\376\377\006\052\006\106\006\070\006\314\006\105}{subsection.4.6}% 106
\BOOKMARK [2][-]{subsection.4.7}{\376\377\006\251\006\106\006\052\006\061\006\104\006\061\000\040\006\105\006\057\000\040\006\104\006\072\006\062\006\064\006\314}{section.4}% 107
\BOOKMARK [3][-]{subsubsection.4.7.1}{\376\377\006\063\006\067\006\055\000\040\006\104\006\072\006\062\006\064}{subsection.4.7}% 108
\BOOKMARK [3][-]{subsubsection.4.7.2}{\376\377\006\102\006\047\006\106\006\110\006\106\000\040\006\251\006\106\006\052\006\061\006\104\000\040\006\050\006\047\000\040\006\104\006\047\006\314\006\107\000\040\006\105\006\061\006\062\006\314}{subsection.4.7}% 109
\BOOKMARK [3][-]{subsubsection.4.7.3}{\376\377\006\106\006\102\006\064\000\040\006\050\006\107\006\061\006\107\040\014\006\107\006\047}{subsection.4.7}% 110
\BOOKMARK [3][-]{subsubsection.4.7.4}{\376\377\006\057\006\314\006\106\006\047\006\105\006\314\006\251\000\040\006\061\006\110\006\314\000\040\006\063\006\067\006\055\000\040\006\104\006\072\006\062\006\064}{subsection.4.7}% 111
\BOOKMARK [3][-]{subsubsection.4.7.5}{\376\377\006\061\006\110\006\314\006\107\000\040\006\052\006\106\006\070\006\314\006\105}{subsection.4.7}% 112
\BOOKMARK [2][-]{subsection.4.8}{\376\377\006\042\006\063\006\052\006\047\006\106\006\107\000\040\006\052\006\055\006\110\006\314\006\104\000\040\006\050\006\047\006\104\006\047\006\106\006\063}{section.4}% 113
\BOOKMARK [3][-]{subsubsection.4.8.1}{\376\377\006\064\006\061\006\067\000\040\006\063\006\110\006\046\006\314\006\206}{subsection.4.8}% 114
\BOOKMARK [3][-]{subsubsection.4.8.2}{\376\377\006\176\006\047\006\061\006\047\006\105\006\052\006\061\006\107\006\047\000\040\006\110\000\040\006\052\006\106\006\070\006\314\006\105}{subsection.4.8}% 115
\BOOKMARK [2][-]{subsection.4.9}{\376\377\006\052\006\071\006\047\006\105\006\104\000\040\006\050\006\314\006\106\000\040\006\050\006\107\006\061\006\107\040\014\006\107\006\047}{section.4}% 116
\BOOKMARK [3][-]{subsubsection.4.9.1}{\376\377\006\251\006\110\006\176\006\104\000\040\006\047\006\062\000\040\006\067\006\061\006\314\006\102\000\040\006\047\006\064\006\050\006\047\006\071\000\040\006\110\006\104\006\052\006\047\006\230}{subsection.4.9}% 117
\BOOKMARK [3][-]{subsubsection.4.9.2}{\376\377\006\105\006\102\006\314\006\047\006\063\040\014\006\057\006\107\006\314\000\040\006\106\006\063\006\050\006\052\000\040\006\057\006\106\006\057\006\107}{subsection.4.9}% 118
\BOOKMARK [3][-]{subsubsection.4.9.3}{\376\377\006\176\006\107\006\106\006\047\006\314\000\040\006\050\006\047\006\106\006\057\000\040\006\047\006\104\006\251\006\052\006\061\006\314\006\251\006\314}{subsection.4.9}% 119
\BOOKMARK [2][-]{subsection.4.10}{\376\377\006\054\006\057\006\110\006\104\000\040\006\056\006\104\006\047\006\065\006\107\000\040\006\050\006\107\006\061\006\107\040\014\006\107\006\047}{section.4}% 120
\BOOKMARK [2][-]{subsection.4.11}{\376\377\006\257\006\061\006\057\006\064\000\040\006\251\006\047\006\061\000\040\006\176\006\314\006\064\006\106\006\107\006\047\006\057\006\314\000\040\006\052\006\106\006\070\006\314\006\105}{section.4}% 121
